Java HotSpot(TM) 64-Bit Server VM (25.92-b14) for bsd-amd64 JRE (1.8.0_92-b14), built on Mar 31 2016 21:23:14 by "java_re" with gcc 4.2.1 (Based on Apple Inc. build 5658) (LLVM build 2336.11.00)
Memory: 4k page, physical 8388608k(648464k free)

/proc/meminfo:

CommandLine flags: -XX:+DisableExplicitGC -XX:InitialHeapSize=1073741824 -XX:InitiatingHeapOccupancyPercent=35 -XX:+ManagementServer -XX:MaxGCPauseMillis=20 -XX:MaxHeapSize=1073741824 -XX:+PrintGC -XX:+PrintGCDateStamps -XX:+PrintGCDetails -XX:+PrintGCTimeStamps -XX:+UseCompressedClassPointers -XX:+UseCompressedOops -XX:+UseG1GC 
2016-09-15T16:37:15.205-0100: 3,245: [GC pause (G1 Evacuation Pause) (young), 0,0111392 secs]
   [Parallel Time: 5,7 ms, GC Workers: 4]
      [GC Worker Start (ms): Min: 3244,9, Avg: 3244,9, Max: 3245,0, Diff: 0,0]
      [Ext Root Scanning (ms): Min: 0,7, Avg: 1,2, Max: 2,1, Diff: 1,5, Sum: 4,9]
      [Update RS (ms): Min: 0,0, Avg: 0,0, Max: 0,0, Diff: 0,0, Sum: 0,0]
         [Processed Buffers: Min: 0, Avg: 0,0, Max: 0, Diff: 0, Sum: 0]
      [Scan RS (ms): Min: 0,0, Avg: 0,0, Max: 0,0, Diff: 0,0, Sum: 0,0]
      [Code Root Scanning (ms): Min: 0,0, Avg: 0,2, Max: 0,5, Diff: 0,5, Sum: 1,0]
      [Object Copy (ms): Min: 3,4, Avg: 4,1, Max: 4,5, Diff: 1,1, Sum: 16,2]
      [Termination (ms): Min: 0,0, Avg: 0,1, Max: 0,1, Diff: 0,1, Sum: 0,4]
         [Termination Attempts: Min: 2, Avg: 4,2, Max: 7, Diff: 5, Sum: 17]
      [GC Worker Other (ms): Min: 0,0, Avg: 0,0, Max: 0,0, Diff: 0,0, Sum: 0,1]
      [GC Worker Total (ms): Min: 5,6, Avg: 5,7, Max: 5,7, Diff: 0,0, Sum: 22,6]
      [GC Worker End (ms): Min: 3250,6, Avg: 3250,6, Max: 3250,6, Diff: 0,0]
   [Code Root Fixup: 0,2 ms]
   [Code Root Purge: 0,0 ms]
   [Clear CT: 0,2 ms]
   [Other: 5,0 ms]
      [Choose CSet: 0,0 ms]
      [Ref Proc: 4,6 ms]
      [Ref Enq: 0,0 ms]
      [Redirty Cards: 0,1 ms]
      [Humongous Register: 0,0 ms]
      [Humongous Reclaim: 0,0 ms]
      [Free CSet: 0,1 ms]
   [Eden: 51,0M(51,0M)->0,0B(44,0M) Survivors: 0,0B->7168,0K Heap: 51,0M(1024,0M)->7969,0K(1024,0M)]
 [Times: user=0,02 sys=0,00, real=0,01 secs] 
2016-09-15T16:37:16.389-0100: 4,429: [GC pause (G1 Evacuation Pause) (young), 0,0118031 secs]
   [Parallel Time: 8,6 ms, GC Workers: 4]
      [GC Worker Start (ms): Min: 4428,8, Avg: 4428,8, Max: 4428,9, Diff: 0,0]
      [Ext Root Scanning (ms): Min: 1,0, Avg: 1,5, Max: 1,8, Diff: 0,8, Sum: 5,8]
      [Update RS (ms): Min: 0,0, Avg: 0,0, Max: 0,2, Diff: 0,2, Sum: 0,2]
         [Processed Buffers: Min: 0, Avg: 0,2, Max: 1, Diff: 1, Sum: 1]
      [Scan RS (ms): Min: 0,0, Avg: 0,0, Max: 0,0, Diff: 0,0, Sum: 0,0]
      [Code Root Scanning (ms): Min: 0,0, Avg: 1,5, Max: 4,9, Diff: 4,9, Sum: 6,0]
      [Object Copy (ms): Min: 1,8, Avg: 5,5, Max: 7,5, Diff: 5,6, Sum: 21,9]
      [Termination (ms): Min: 0,0, Avg: 0,0, Max: 0,0, Diff: 0,0, Sum: 0,0]
         [Termination Attempts: Min: 1, Avg: 4,5, Max: 7, Diff: 6, Sum: 18]
      [GC Worker Other (ms): Min: 0,0, Avg: 0,0, Max: 0,0, Diff: 0,0, Sum: 0,1]
      [GC Worker Total (ms): Min: 8,5, Avg: 8,5, Max: 8,5, Diff: 0,0, Sum: 34,0]
      [GC Worker End (ms): Min: 4437,3, Avg: 4437,3, Max: 4437,3, Diff: 0,0]
   [Code Root Fixup: 0,8 ms]
   [Code Root Purge: 0,0 ms]
   [Clear CT: 0,1 ms]
   [Other: 2,3 ms]
      [Choose CSet: 0,0 ms]
      [Ref Proc: 1,6 ms]
      [Ref Enq: 0,0 ms]
      [Redirty Cards: 0,1 ms]
      [Humongous Register: 0,0 ms]
      [Humongous Reclaim: 0,0 ms]
      [Free CSet: 0,3 ms]
   [Eden: 44,0M(44,0M)->0,0B(44,0M) Survivors: 7168,0K->7168,0K Heap: 179,8M(1024,0M)->136,3M(1024,0M)]
 [Times: user=0,03 sys=0,00, real=0,02 secs] 
2016-09-15T16:37:16.738-0100: 4,779: [GC pause (G1 Evacuation Pause) (young), 0,0106498 secs]
   [Parallel Time: 8,5 ms, GC Workers: 4]
      [GC Worker Start (ms): Min: 4778,6, Avg: 4778,7, Max: 4778,7, Diff: 0,1]
      [Ext Root Scanning (ms): Min: 0,7, Avg: 1,2, Max: 1,9, Diff: 1,2, Sum: 4,8]
      [Update RS (ms): Min: 0,0, Avg: 0,1, Max: 0,2, Diff: 0,2, Sum: 0,3]
         [Processed Buffers: Min: 0, Avg: 0,5, Max: 1, Diff: 1, Sum: 2]
      [Scan RS (ms): Min: 0,0, Avg: 0,0, Max: 0,0, Diff: 0,0, Sum: 0,1]
      [Code Root Scanning (ms): Min: 0,0, Avg: 1,5, Max: 3,8, Diff: 3,8, Sum: 6,2]
      [Object Copy (ms): Min: 3,3, Avg: 5,5, Max: 6,9, Diff: 3,7, Sum: 22,0]
      [Termination (ms): Min: 0,0, Avg: 0,1, Max: 0,1, Diff: 0,1, Sum: 0,4]
         [Termination Attempts: Min: 1, Avg: 6,0, Max: 9, Diff: 8, Sum: 24]
      [GC Worker Other (ms): Min: 0,0, Avg: 0,0, Max: 0,0, Diff: 0,0, Sum: 0,1]
      [GC Worker Total (ms): Min: 8,4, Avg: 8,4, Max: 8,5, Diff: 0,1, Sum: 33,7]
      [GC Worker End (ms): Min: 4787,1, Avg: 4787,1, Max: 4787,1, Diff: 0,0]
   [Code Root Fixup: 1,0 ms]
   [Code Root Purge: 0,0 ms]
   [Clear CT: 0,1 ms]
   [Other: 1,0 ms]
      [Choose CSet: 0,0 ms]
      [Ref Proc: 0,4 ms]
      [Ref Enq: 0,0 ms]
      [Redirty Cards: 0,1 ms]
      [Humongous Register: 0,0 ms]
      [Humongous Reclaim: 0,0 ms]
      [Free CSet: 0,3 ms]
   [Eden: 44,0M(44,0M)->0,0B(47,0M) Survivors: 7168,0K->4096,0K Heap: 180,3M(1024,0M)->135,4M(1024,0M)]
 [Times: user=0,04 sys=0,00, real=0,01 secs] 
2016-09-15T16:37:17.019-0100: 5,059: [GC pause (G1 Evacuation Pause) (young), 0,0044912 secs]
   [Parallel Time: 3,8 ms, GC Workers: 4]
      [GC Worker Start (ms): Min: 5058,7, Avg: 5058,7, Max: 5058,8, Diff: 0,0]
      [Ext Root Scanning (ms): Min: 0,3, Avg: 0,8, Max: 1,1, Diff: 0,9, Sum: 3,1]
      [Update RS (ms): Min: 0,1, Avg: 0,5, Max: 0,8, Diff: 0,6, Sum: 1,8]
         [Processed Buffers: Min: 1, Avg: 2,2, Max: 6, Diff: 5, Sum: 9]
      [Scan RS (ms): Min: 0,0, Avg: 0,2, Max: 0,3, Diff: 0,3, Sum: 0,8]
      [Code Root Scanning (ms): Min: 0,0, Avg: 0,2, Max: 0,5, Diff: 0,5, Sum: 0,8]
      [Object Copy (ms): Min: 1,8, Avg: 2,1, Max: 2,9, Diff: 1,2, Sum: 8,3]
      [Termination (ms): Min: 0,0, Avg: 0,0, Max: 0,0, Diff: 0,0, Sum: 0,1]
         [Termination Attempts: Min: 1, Avg: 1,0, Max: 1, Diff: 0, Sum: 4]
      [GC Worker Other (ms): Min: 0,0, Avg: 0,0, Max: 0,0, Diff: 0,0, Sum: 0,1]
      [GC Worker Total (ms): Min: 3,7, Avg: 3,7, Max: 3,8, Diff: 0,1, Sum: 15,0]
      [GC Worker End (ms): Min: 5062,5, Avg: 5062,5, Max: 5062,5, Diff: 0,0]
   [Code Root Fixup: 0,1 ms]
   [Code Root Purge: 0,0 ms]
   [Clear CT: 0,1 ms]
   [Other: 0,5 ms]
      [Choose CSet: 0,0 ms]
      [Ref Proc: 0,1 ms]
      [Ref Enq: 0,0 ms]
      [Redirty Cards: 0,0 ms]
      [Humongous Register: 0,0 ms]
      [Humongous Reclaim: 0,0 ms]
      [Free CSet: 0,1 ms]
   [Eden: 47,0M(47,0M)->0,0B(48,0M) Survivors: 4096,0K->3072,0K Heap: 182,4M(1024,0M)->134,4M(1024,0M)]
 [Times: user=0,01 sys=0,00, real=0,01 secs] 
2016-09-15T16:37:17.238-0100: 5,278: [GC pause (Metadata GC Threshold) (young) (initial-mark), 0,0033486 secs]
   [Parallel Time: 2,5 ms, GC Workers: 4]
      [GC Worker Start (ms): Min: 5278,6, Avg: 5278,6, Max: 5278,6, Diff: 0,0]
      [Ext Root Scanning (ms): Min: 0,5, Avg: 0,7, Max: 0,7, Diff: 0,2, Sum: 2,6]
      [Update RS (ms): Min: 0,1, Avg: 0,2, Max: 0,3, Diff: 0,1, Sum: 0,8]
         [Processed Buffers: Min: 1, Avg: 2,5, Max: 6, Diff: 5, Sum: 10]
      [Scan RS (ms): Min: 0,0, Avg: 0,0, Max: 0,0, Diff: 0,0, Sum: 0,0]
      [Code Root Scanning (ms): Min: 0,0, Avg: 0,1, Max: 0,3, Diff: 0,3, Sum: 0,6]
      [Object Copy (ms): Min: 1,1, Avg: 1,4, Max: 1,5, Diff: 0,4, Sum: 5,4]
      [Termination (ms): Min: 0,0, Avg: 0,0, Max: 0,0, Diff: 0,0, Sum: 0,0]
         [Termination Attempts: Min: 1, Avg: 1,0, Max: 1, Diff: 0, Sum: 4]
      [GC Worker Other (ms): Min: 0,0, Avg: 0,0, Max: 0,0, Diff: 0,0, Sum: 0,1]
      [GC Worker Total (ms): Min: 2,3, Avg: 2,4, Max: 2,4, Diff: 0,0, Sum: 9,5]
      [GC Worker End (ms): Min: 5281,0, Avg: 5281,0, Max: 5281,0, Diff: 0,0]
   [Code Root Fixup: 0,2 ms]
   [Code Root Purge: 0,0 ms]
   [Clear CT: 0,1 ms]
   [Other: 0,6 ms]
      [Choose CSet: 0,0 ms]
      [Ref Proc: 0,3 ms]
      [Ref Enq: 0,0 ms]
      [Redirty Cards: 0,1 ms]
      [Humongous Register: 0,0 ms]
      [Humongous Reclaim: 0,0 ms]
      [Free CSet: 0,0 ms]
   [Eden: 40,0M(48,0M)->0,0B(48,0M) Survivors: 3072,0K->3072,0K Heap: 174,4M(1024,0M)->134,8M(1024,0M)]
 [Times: user=0,01 sys=0,00, real=0,01 secs] 
2016-09-15T16:37:17.242-0100: 5,282: [GC concurrent-root-region-scan-start]
2016-09-15T16:37:17.245-0100: 5,285: [GC concurrent-root-region-scan-end, 0,0035945 secs]
2016-09-15T16:37:17.245-0100: 5,285: [GC concurrent-mark-start]
2016-09-15T16:37:17.255-0100: 5,296: [GC concurrent-mark-end, 0,0100554 secs]
2016-09-15T16:37:17.256-0100: 5,296: [GC remark 2016-09-15T16:37:17.256-0100: 5,296: [Finalize Marking, 0,0002723 secs] 2016-09-15T16:37:17.256-0100: 5,296: [GC ref-proc, 0,0001280 secs] 2016-09-15T16:37:17.256-0100: 5,296: [Unloading, 0,0052052 secs], 0,0081101 secs]
 [Times: user=0,02 sys=0,00, real=0,01 secs] 
2016-09-15T16:37:17.264-0100: 5,304: [GC cleanup 135M->134M(1024M), 0,0009123 secs]
 [Times: user=0,00 sys=0,00, real=0,00 secs] 
2016-09-15T16:37:17.265-0100: 5,305: [GC concurrent-cleanup-start]
2016-09-15T16:37:17.265-0100: 5,305: [GC concurrent-cleanup-end, 0,0000217 secs]
2016-09-15T16:37:17.745-0100: 5,785: [GC pause (G1 Evacuation Pause) (young), 0,0066925 secs]
   [Parallel Time: 3,9 ms, GC Workers: 4]
      [GC Worker Start (ms): Min: 5785,4, Avg: 5785,5, Max: 5785,5, Diff: 0,0]
      [Ext Root Scanning (ms): Min: 0,7, Avg: 0,9, Max: 1,1, Diff: 0,4, Sum: 3,6]
      [Update RS (ms): Min: 0,2, Avg: 0,2, Max: 0,3, Diff: 0,1, Sum: 1,0]
         [Processed Buffers: Min: 1, Avg: 3,2, Max: 6, Diff: 5, Sum: 13]
      [Scan RS (ms): Min: 0,0, Avg: 0,0, Max: 0,0, Diff: 0,0, Sum: 0,0]
      [Code Root Scanning (ms): Min: 0,1, Avg: 0,2, Max: 0,6, Diff: 0,5, Sum: 0,9]
      [Object Copy (ms): Min: 2,3, Avg: 2,5, Max: 2,7, Diff: 0,5, Sum: 9,9]
      [Termination (ms): Min: 0,0, Avg: 0,0, Max: 0,0, Diff: 0,0, Sum: 0,0]
         [Termination Attempts: Min: 1, Avg: 1,2, Max: 2, Diff: 1, Sum: 5]
      [GC Worker Other (ms): Min: 0,0, Avg: 0,0, Max: 0,0, Diff: 0,0, Sum: 0,1]
      [GC Worker Total (ms): Min: 3,9, Avg: 3,9, Max: 3,9, Diff: 0,0, Sum: 15,5]
      [GC Worker End (ms): Min: 5789,3, Avg: 5789,3, Max: 5789,4, Diff: 0,0]
   [Code Root Fixup: 0,2 ms]
   [Code Root Purge: 0,0 ms]
   [Clear CT: 0,1 ms]
   [Other: 2,4 ms]
      [Choose CSet: 0,0 ms]
      [Ref Proc: 2,0 ms]
      [Ref Enq: 0,0 ms]
      [Redirty Cards: 0,1 ms]
      [Humongous Register: 0,0 ms]
      [Humongous Reclaim: 0,0 ms]
      [Free CSet: 0,1 ms]
   [Eden: 48,0M(48,0M)->0,0B(44,0M) Survivors: 3072,0K->7168,0K Heap: 181,8M(1024,0M)->138,7M(1024,0M)]
 [Times: user=0,02 sys=0,00, real=0,01 secs] 
2016-09-15T16:37:18.038-0100: 6,078: [GC pause (G1 Evacuation Pause) (young), 0,0057813 secs]
   [Parallel Time: 4,5 ms, GC Workers: 4]
      [GC Worker Start (ms): Min: 6078,2, Avg: 6078,2, Max: 6078,2, Diff: 0,0]
      [Ext Root Scanning (ms): Min: 0,5, Avg: 0,7, Max: 1,1, Diff: 0,6, Sum: 3,0]
      [Update RS (ms): Min: 0,3, Avg: 0,3, Max: 0,4, Diff: 0,1, Sum: 1,3]
         [Processed Buffers: Min: 1, Avg: 3,0, Max: 6, Diff: 5, Sum: 12]
      [Scan RS (ms): Min: 0,0, Avg: 0,0, Max: 0,0, Diff: 0,0, Sum: 0,0]
      [Code Root Scanning (ms): Min: 0,0, Avg: 0,2, Max: 0,4, Diff: 0,4, Sum: 0,9]
      [Object Copy (ms): Min: 2,8, Avg: 3,1, Max: 3,3, Diff: 0,4, Sum: 12,2]
      [Termination (ms): Min: 0,0, Avg: 0,0, Max: 0,0, Diff: 0,0, Sum: 0,0]
         [Termination Attempts: Min: 1, Avg: 1,0, Max: 1, Diff: 0, Sum: 4]
      [GC Worker Other (ms): Min: 0,0, Avg: 0,0, Max: 0,1, Diff: 0,1, Sum: 0,2]
      [GC Worker Total (ms): Min: 4,4, Avg: 4,4, Max: 4,4, Diff: 0,0, Sum: 17,7]
      [GC Worker End (ms): Min: 6082,6, Avg: 6082,7, Max: 6082,7, Diff: 0,1]
   [Code Root Fixup: 0,3 ms]
   [Code Root Purge: 0,1 ms]
   [Clear CT: 0,1 ms]
   [Other: 0,8 ms]
      [Choose CSet: 0,0 ms]
      [Ref Proc: 0,4 ms]
      [Ref Enq: 0,0 ms]
      [Redirty Cards: 0,1 ms]
      [Humongous Register: 0,0 ms]
      [Humongous Reclaim: 0,0 ms]
      [Free CSet: 0,1 ms]
   [Eden: 44,0M(44,0M)->0,0B(45,0M) Survivors: 7168,0K->6144,0K Heap: 182,7M(1024,0M)->137,2M(1024,0M)]
 [Times: user=0,02 sys=0,00, real=0,01 secs] 
2016-09-15T16:37:18.267-0100: 6,307: [GC pause (G1 Evacuation Pause) (young), 0,0077478 secs]
   [Parallel Time: 6,6 ms, GC Workers: 4]
      [GC Worker Start (ms): Min: 6307,1, Avg: 6307,5, Max: 6308,8, Diff: 1,7]
      [Ext Root Scanning (ms): Min: 0,0, Avg: 0,7, Max: 1,1, Diff: 1,1, Sum: 2,8]
      [Update RS (ms): Min: 0,0, Avg: 0,3, Max: 0,6, Diff: 0,6, Sum: 1,2]
         [Processed Buffers: Min: 0, Avg: 2,2, Max: 6, Diff: 6, Sum: 9]
      [Scan RS (ms): Min: 0,0, Avg: 0,0, Max: 0,0, Diff: 0,0, Sum: 0,0]
      [Code Root Scanning (ms): Min: 0,0, Avg: 0,4, Max: 1,0, Diff: 1,0, Sum: 1,7]
      [Object Copy (ms): Min: 3,3, Avg: 4,0, Max: 4,3, Diff: 1,1, Sum: 15,9]
      [Termination (ms): Min: 0,0, Avg: 0,4, Max: 0,7, Diff: 0,7, Sum: 1,7]
         [Termination Attempts: Min: 1, Avg: 1,0, Max: 1, Diff: 0, Sum: 4]
      [GC Worker Other (ms): Min: 0,0, Avg: 0,0, Max: 0,0, Diff: 0,0, Sum: 0,1]
      [GC Worker Total (ms): Min: 4,3, Avg: 5,9, Max: 6,5, Diff: 2,3, Sum: 23,4]
      [GC Worker End (ms): Min: 6313,0, Avg: 6313,4, Max: 6313,6, Diff: 0,6]
   [Code Root Fixup: 0,3 ms]
   [Code Root Purge: 0,0 ms]
   [Clear CT: 0,1 ms]
   [Other: 0,8 ms]
      [Choose CSet: 0,0 ms]
      [Ref Proc: 0,3 ms]
      [Ref Enq: 0,0 ms]
      [Redirty Cards: 0,0 ms]
      [Humongous Register: 0,1 ms]
      [Humongous Reclaim: 0,1 ms]
      [Free CSet: 0,1 ms]
   [Eden: 45,0M(45,0M)->0,0B(54,0M) Survivors: 6144,0K->5120,0K Heap: 202,2M(1024,0M)->141,7M(1024,0M)]
 [Times: user=0,02 sys=0,00, real=0,01 secs] 
2016-09-15T16:37:18.549-0100: 6,589: [GC pause (G1 Humongous Allocation) (young) (initial-mark), 0,0088938 secs]
   [Parallel Time: 7,5 ms, GC Workers: 4]
      [GC Worker Start (ms): Min: 6589,4, Avg: 6589,5, Max: 6589,6, Diff: 0,1]
      [Ext Root Scanning (ms): Min: 1,2, Avg: 1,8, Max: 2,1, Diff: 0,9, Sum: 7,1]
      [Update RS (ms): Min: 0,3, Avg: 0,5, Max: 0,8, Diff: 0,5, Sum: 2,2]
         [Processed Buffers: Min: 1, Avg: 1,5, Max: 2, Diff: 1, Sum: 6]
      [Scan RS (ms): Min: 0,0, Avg: 0,0, Max: 0,0, Diff: 0,0, Sum: 0,0]
      [Code Root Scanning (ms): Min: 0,0, Avg: 0,7, Max: 1,5, Diff: 1,5, Sum: 2,6]
      [Object Copy (ms): Min: 3,8, Avg: 4,4, Max: 5,3, Diff: 1,4, Sum: 17,5]
      [Termination (ms): Min: 0,0, Avg: 0,0, Max: 0,0, Diff: 0,0, Sum: 0,1]
         [Termination Attempts: Min: 1, Avg: 1,0, Max: 1, Diff: 0, Sum: 4]
      [GC Worker Other (ms): Min: 0,0, Avg: 0,0, Max: 0,0, Diff: 0,0, Sum: 0,1]
      [GC Worker Total (ms): Min: 7,3, Avg: 7,4, Max: 7,4, Diff: 0,1, Sum: 29,6]
      [GC Worker End (ms): Min: 6596,9, Avg: 6596,9, Max: 6596,9, Diff: 0,0]
   [Code Root Fixup: 0,3 ms]
   [Code Root Purge: 0,0 ms]
   [Clear CT: 0,1 ms]
   [Other: 1,0 ms]
      [Choose CSet: 0,0 ms]
      [Ref Proc: 0,2 ms]
      [Ref Enq: 0,0 ms]
      [Redirty Cards: 0,1 ms]
      [Humongous Register: 0,1 ms]
      [Humongous Reclaim: 0,2 ms]
      [Free CSet: 0,1 ms]
   [Eden: 4096,0K(54,0M)->0,0B(69,0M) Survivors: 5120,0K->6144,0K Heap: 325,7M(1024,0M)->137,7M(1024,0M)]
 [Times: user=0,02 sys=0,01, real=0,01 secs] 
2016-09-15T16:37:18.558-0100: 6,598: [GC concurrent-root-region-scan-start]
2016-09-15T16:37:18.566-0100: 6,606: [GC concurrent-root-region-scan-end, 0,0074724 secs]
2016-09-15T16:37:18.566-0100: 6,606: [GC concurrent-mark-start]
2016-09-15T16:37:18.576-0100: 6,616: [GC concurrent-mark-end, 0,0104838 secs]
2016-09-15T16:37:18.576-0100: 6,616: [GC remark 2016-09-15T16:37:18.576-0100: 6,616: [Finalize Marking, 0,0002679 secs] 2016-09-15T16:37:18.577-0100: 6,617: [GC ref-proc, 0,0001313 secs] 2016-09-15T16:37:18.577-0100: 6,617: [Unloading, 0,0077051 secs], 0,0105325 secs]
 [Times: user=0,03 sys=0,00, real=0,01 secs] 
2016-09-15T16:37:18.587-0100: 6,627: [GC cleanup 172M->172M(1024M), 0,0013265 secs]
 [Times: user=0,00 sys=0,00, real=0,00 secs] 
